// Jest Snapshot v1, https://goo.gl/fbAQLP

exports[`deriveAddressFromPubKey converts a public key correctly 1`] = `"0xd606f05a2a980f58737aa913553c8d6eac8b"`;
